
Memory Configuration

Name             Origin             Length             Attributes
*default*        0x00000000         0xffffffff

Linker script and memory map

                0x00000000                . = 0x0

.text           0x00000000      0x160
 obj/flash-reset.o(.text)
 .text          0x00000000       0x50 obj/flash-reset.o
                0x00000000                start
                0x00000044                CallRam
 *(.text)
 .text          0x00000050       0xf8 obj/fromflash.o
                0x000000dc                CMain
 .text.stub     0x00000148       0x14 linker stubs

.glue_7         0x00000160        0x0
 .glue_7        0x00000000        0x0 linker stubs

.glue_7t        0x00000160        0x0
 .glue_7t       0x00000000        0x0 linker stubs

.vfp11_veneer   0x00000160        0x0
 .vfp11_veneer  0x00000000        0x0 linker stubs

.v4_bx          0x00000160        0x0
 .v4_bx         0x00000000        0x0 linker stubs

.rodata
 *(.rodata)
                0x00200000                . = 0x200000

.data           0x00200000        0x0
 *(.data)
 .data          0x00200000        0x0 obj/flash-reset.o
 .data          0x00200000        0x0 obj/fromflash.o
                0x00200000                __bss_start__ = .

.bss            0x00200000        0x0
 *(.bss)
 .bss           0x00200000        0x0 obj/flash-reset.o
 .bss           0x00200000        0x0 obj/fromflash.o
                0x00200000                __bss_end__ = .
LOAD obj/flash-reset.o
LOAD obj/fromflash.o
OUTPUT(obj/bootrom.elf elf32-littlearm)

.ARM.attributes
                0x00000000       0x2d
 .ARM.attributes
                0x00000000       0x18 obj/flash-reset.o
 .ARM.attributes
                0x00000018       0x32 obj/fromflash.o

.comment        0x00000000       0x11
 .comment       0x00000000       0x11 obj/fromflash.o
                                 0x12 (size before relaxing)

.debug_line     0x00000000       0xe7
 .debug_line    0x00000000       0x4d obj/flash-reset.o
 .debug_line    0x0000004d       0x9a obj/fromflash.o

.debug_info     0x00000000      0x15d
 .debug_info    0x00000000       0x7d obj/flash-reset.o
 .debug_info    0x0000007d       0xe0 obj/fromflash.o

.debug_abbrev   0x00000000       0xa5
 .debug_abbrev  0x00000000       0x14 obj/flash-reset.o
 .debug_abbrev  0x00000014       0x91 obj/fromflash.o

.debug_aranges  0x00000000       0x40
 .debug_aranges
                0x00000000       0x20 obj/flash-reset.o
 .debug_aranges
                0x00000020       0x20 obj/fromflash.o

.debug_loc      0x00000000       0x70
 .debug_loc     0x00000000       0x70 obj/fromflash.o

.debug_str      0x00000000       0xc5
 .debug_str     0x00000000       0xc5 obj/fromflash.o
                                 0xde (size before relaxing)

.debug_frame    0x00000000       0x50
 .debug_frame   0x00000000       0x50 obj/fromflash.o
